  scene.cpp
  chessScene.cpp
  nesScene.cpp
C:\Program Files (x86)\Windows Kits\10\Include\10.0.18362.0\shared\minwindef.h(130,1): warning C4005: 'APIENTRY': macro redefinition
C:\Program Files (x86)\Microsoft Visual Studio\Libraries\glfw-3.3.5.bin.WIN64\include\GLFW\glfw3.h(123): message : see previous definition of 'APIENTRY'
  sceneParser.cpp
  debug2dPass.cpp
  debug3dPass.cpp
  depthPass.cpp
  drawpass.cpp
  emissivePass.cpp
  opaquePass.cpp
  postPass.cpp
  shadowPass.cpp
  skyboxPass.cpp
  terrainPass.cpp
  transPass.cpp
  wireframePass.cpp
  render_util.cpp
  io.cpp
  allocator.cpp
  binding.cpp
  Generating Code...
  Compiling...
  descriptorWrites.cpp
  gpuResources.cpp
  gpuTransfer.cpp
  imageView.cpp
  pipeline.cpp
  shaderBinding.cpp
  GpuSync.cpp
  debugMenu.cpp
  gpuImage.cpp
  renderInit.cpp
  renderResource.cpp
  renderShutdown.cpp
  renderView.cpp
  renderer.cpp
  swapChain.cpp
  cmdContext.cpp
  deviceContext.cpp
  frameBuffer.cpp
  ImageReadbackTask.cpp
  RenderTask.cpp
  Generating Code...
  Compiling...
  imageProcessTask.cpp
  imageShaderTask.cpp
  imguiTask.cpp
  vulkinTestApp.cpp
  window.cpp
  Generating Code...
LINK : warning LNK4098: defaultlib 'MSVCRT' conflicts with use of other libs; use /NODEFAULTLIB:library
SysCore.lib(serializer.obj) : warning LNK4204: 'C:\Users\thoma\source\repos\VulkanRenderer-main\Vulkan-Renderer\x64\Debug\SysCore.pdb' is missing debugging information for referencing module; linking object as if no debug info
SysCore.lib(systemUtils.obj) : warning LNK4204: 'C:\Users\thoma\source\repos\VulkanRenderer-main\Vulkan-Renderer\x64\Debug\SysCore.pdb' is missing debugging information for referencing module; linking object as if no debug info
SysCore.lib(timer.obj) : warning LNK4204: 'C:\Users\thoma\source\repos\VulkanRenderer-main\Vulkan-Renderer\x64\Debug\SysCore.pdb' is missing debugging information for referencing module; linking object as if no debug info
  vkRenderer.vcxproj -> C:\Users\thoma\source\repos\VulkanRenderer-main\Vulkan-Renderer\x64\Debug\renderer.exe
